// Jest Snapshot v1, https://goo.gl/fbAQLP

exports[`checkbox tests should render checkbox 1`] = `
<label>
  <input
    checked={true}
    disabled={true}
    name="test"
    onChange={[Function]}
    type="checkbox"
    value="test"
  />
  <p
    className="question__answer-text text--default"
  >
    test
  </p>
</label>
`;
