// Jest Snapshot v1, https://goo.gl/fbAQLP

exports[`text component test should render text 1`] = `
<p
  className="undefined text--default"
>
  test
</p>
`;
